[themezinho.net/qesco/index.html]
[backblue.gif]
[fade.gif]
[index.html]
[themezinho.net/qesco/preview.2.delayed]
[themezinho.net/qesco/ico/apple-touch-icon-144-precomposed.png]
[themezinho.net/qesco/ico/apple-touch-icon-114-precomposed.png]
[themezinho.net/qesco/ico/apple-touch-icon-72-precomposed.png]
[themezinho.net/qesco/ico/apple-touch-icon-57-precomposed.png]
[themezinho.net/qesco/ico/favicon.png]
[themezinho.net/qesco/css/lineicons.css]
[themezinho.net/qesco/css/swiper.min.css]
[themezinho.net/qesco/css/odometer.min.css]
[themezinho.net/qesco/css/fancybox.min.css]
[themezinho.net/qesco/css/bootstrap.min.css]
[themezinho.net/qesco/css/style.css]
[themezinho.net/qesco/images/preloader.png]
[themezinho.net/qesco/index-2.html]
[themezinho.net/qesco/images/logo.png]
[themezinho.net/qesco/images/recent-news01.jpg]
[themezinho.net/qesco/images/recent-news02.jpg]
[themezinho.net/qesco/logistics.html]
[themezinho.net/qesco/services.html]
[themezinho.net/qesco/news.html]
[themezinho.net/qesco/about.html]
[themezinho.net/qesco/contact.html]
[themezinho.net/qesco/images/slide01.jpg]
[themezinho.net/qesco/images/slide02.jpg]
[themezinho.net/qesco/images/slide03.jpg]
[themezinho.net/qesco/images/video-thumb.jpg]
[themezinho.net/qesco/videos/video01.mp4]
[themezinho.net/qesco/images/side-image01.jpg]
[themezinho.net/qesco/images/icon01.png]
[themezinho.net/qesco/images/icon02.png]
[themezinho.net/qesco/images/icon03.png]
[themezinho.net/qesco/images/section-title-shape.png]
[themezinho.net/qesco/images/solution-image01.jpg]
[themezinho.net/qesco/images/solution-image02.jpg]
[themezinho.net/qesco/images/solution-image03.jpg]
[themezinho.net/qesco/images/solution-image04.jpg]
[themezinho.net/qesco/images/solution-image05.jpg]
[themezinho.net/qesco/images/icon-infobox.png]
[themezinho.net/qesco/images/side-image02.jpg]
[themezinho.net/qesco/images/section-bg-01.jpg]
[themezinho.net/qesco/images/logo01.jpg]
[themezinho.net/qesco/images/logo02.jpg]
[themezinho.net/qesco/images/logo03.jpg]
[themezinho.net/qesco/images/logo04.jpg]
[themezinho.net/qesco/js/bootstrap.min.js]
[themezinho.net/qesco/js/jquery.min.js]
[themezinho.net/qesco/js/fancybox.min.js]
[themezinho.net/qesco/js/swiper.min.js]
[themezinho.net/qesco/js/odometer.min.js]
[themezinho.net/qesco/js/imagesloaded.pkgd.min.js]
[themezinho.net/qesco/js/isotope.min.js]
[themezinho.net/qesco/index.html]
[themezinho.net/qesco/preview.html]
[themezinho.net/qesco/js/scripts.js]
[themezinho.net/qesco/fonts/LineIcons.eot]
[themezinho.net/qesco/fonts/LineIcons.woff2]
[themezinho.net/qesco/fonts/LineIcons.woff]
[themezinho.net/qesco/fonts/LineIcons.ttf]
[themezinho.net/qesco/css/lineicons.css]
[themezinho.net/qesco/css/swiper.min.css]
[themezinho.net/qesco/css/odometer.min.css]
[themezinho.net/qesco/css/fancybox.min.css]
[themezinho.net/qesco/css/bootstrap.min.css]
[themezinho.net/qesco/fonts/LineIcons.svg]
[themezinho.net/qesco/images/dot-pattern.png]
[themezinho.net/qesco/images/icon-quote.png]
[themezinho.net/qesco/images/pattern-dot.3d.delayed]
[themezinho.net/qesco/css/style.css]
[themezinho.net/qesco/index-2.html]
[themezinho.net/qesco/images/logistic-image02.jpg]
[themezinho.net/qesco/images/logistic-image01.jpg]
[themezinho.net/qesco/images/logistic-image03.jpg]
[themezinho.net/qesco/images/service-image01.jpg]
[themezinho.net/qesco/images/service-image02.jpg]
[themezinho.net/qesco/images/service-image03.jpg]
[themezinho.net/qesco/logistics.html]
[themezinho.net/qesco/images/icon04.png]
[themezinho.net/qesco/images/icon05.png]
[themezinho.net/qesco/images/icon06.png]
[themezinho.net/qesco/images/icon07.png]
[themezinho.net/qesco/services.html]
[themezinho.net/qesco/images/news01.jpg]
[themezinho.net/qesco/news-single.html]
[themezinho.net/qesco/images/avatar.jpg]
[themezinho.net/qesco/images/news02.jpg]
[themezinho.net/qesco/images/news03.jpg]
[themezinho.net/qesco/images/news04.jpg]
[themezinho.net/qesco/images/gallery-item01.jpg]
[themezinho.net/qesco/images/gallery-item02.jpg]
[themezinho.net/qesco/images/gallery-item03.jpg]
[themezinho.net/qesco/images/gallery-item04.jpg]
[themezinho.net/qesco/images/gallery-item05.jpg]
[themezinho.net/qesco/news.html]
[themezinho.net/qesco/images/quote-image.jpg]
[themezinho.net/qesco/images/tab-image01.jpg]
[themezinho.net/qesco/images/tab-image02.jpg]
[themezinho.net/qesco/images/tab-image03.jpg]
[themezinho.net/qesco/images/tab-image04.jpg]
[themezinho.net/qesco/images/tab-image05.jpg]
[themezinho.net/qesco/images/tab-image06.jpg]
[themezinho.net/qesco/images/team-member01.jpg]
[themezinho.net/qesco/images/team-member02.jpg]
[themezinho.net/qesco/images/team-member03.jpg]
[themezinho.net/qesco/images/section-bg-02.jpg]
[themezinho.net/qesco/about.html]
[themezinho.net/qesco/contact.html]
[themezinho.net/qesco/js/jquery.min.js]
[themezinho.net/qesco/popper.js]
[themezinho.net/qesco/js/bootstrap.min.js]
[themezinho.net/qesco/js/fancybox.min.js]
[themezinho.net/qesco/js/swiper.min.js]
[themezinho.net/qesco/js/odometer.min.js]
[themezinho.net/qesco/js/imagesloaded.pkgd.min.js]
[themezinho.net/qesco/js/isotope.min.js]
[themezinho.net/qesco/js/scripts.js]
[themezinho.net/qesco/fonts/LineIcons.svg]
[themezinho.net/qesco/images/pattern-dot.html]
[themezinho.net/qesco/news-single.html]
[themezinho.net/qesco/popper.html]
[themezinho.net/qesco/Version/index.html]
[themezinho.net/qesco/Version/index.html]
[themezinho.net/qesco/version/index-2.html]
[themezinho.net/qesco/version/index-2.html]
